Classic Timing Analyzer report for X
Sat Jan 06 01:44:04 2024
Quartus II 64-Bit Version 9.1 Build 350 03/24/2010 Service Pack 2 SJ Full Version


---------------------
; Table of Contents ;
---------------------
  1. Legal Notice
  2. Timing Analyzer Summary
  3. Timing Analyzer Settings
  4. Clock Settings Summary
  5. Parallel Compilation
  6. Clock Setup: 'clk'
  7. tsu
  8. tco
  9. th
 10. Timing Analyzer Messages



----------------
; Legal Notice ;
----------------
Copyright (C) 1991-2010 Altera Corporation
Your use of Altera Corporation's design tools, logic functions 
and other software and tools, and its AMPP partner logic 
functions, and any output files from any of the foregoing 
(including device programming or simulation files), and any 
associated documentation or information are expressly subject 
to the terms and conditions of the Altera Program License 
Subscription Agreement, Altera MegaCore Function License 
Agreement, or other applicable license agreement, including, 
without limitation, that your use is for the sole purpose of 
programming logic devices manufactured by Altera and sold by 
Altera or its authorized distributors.  Please refer to the 
applicable agreement for further details.



+----------------------------------------------------------------------------------------------------------------------------------------------------------------------------------------------------------------------------+
; Timing Analyzer Summary                                                                                                                                                                                                    ;
+------------------------------+-------+---------------+----------------------------------+---------------------------------------------+---------------------------------------------+------------+----------+--------------+
; Type                         ; Slack ; Required Time ; Actual Time                      ; From                                        ; To                                          ; From Clock ; To Clock ; Failed Paths ;
+------------------------------+-------+---------------+----------------------------------+---------------------------------------------+---------------------------------------------+------------+----------+--------------+
; Worst-case tsu               ; N/A   ; None          ; 4.000 ns                         ; enable                                      ; BrunelIDNumberGenerator:brunel_gen|digit[0] ; --         ; clk      ; 0            ;
; Worst-case tco               ; N/A   ; None          ; 9.000 ns                         ; BrunelIDNumberGenerator:brunel_gen|digit[1] ; bcd[1]                                      ; clk        ; --       ; 0            ;
; Worst-case th                ; N/A   ; None          ; -1.000 ns                        ; enable                                      ; BrunelIDNumberGenerator:brunel_gen|digit[0] ; --         ; clk      ; 0            ;
; Clock Setup: 'clk'           ; N/A   ; None          ; 142.86 MHz ( period = 7.000 ns ) ; BrunelIDNumberGenerator:brunel_gen|digit[0] ; BrunelIDNumberGenerator:brunel_gen|digit[0] ; clk        ; clk      ; 0            ;
; Total number of failed paths ;       ;               ;                                  ;                                             ;                                             ;            ;          ; 0            ;
+------------------------------+-------+---------------+----------------------------------+---------------------------------------------+---------------------------------------------+------------+----------+--------------+


+-----------------------------------------------------------------------------------------------------------------------------------------------------+
; Timing Analyzer Settings                                                                                                                            ;
+------------------------------------------------------------------------------------------------------+--------------------+------+----+-------------+
; Option                                                                                               ; Setting            ; From ; To ; Entity Name ;
+------------------------------------------------------------------------------------------------------+--------------------+------+----+-------------+
; Device Name                                                                                          ; EPM7032SLC44-6     ;      ;    ;             ;
; Timing Models                                                                                        ; Final              ;      ;    ;             ;
; Default hold multicycle                                                                              ; Same as Multicycle ;      ;    ;             ;
; Cut paths between unrelated clock domains                                                            ; On                 ;      ;    ;             ;
; Cut off read during write signal paths                                                               ; On                 ;      ;    ;             ;
; Cut off feedback from I/O pins                                                                       ; On                 ;      ;    ;             ;
; Report Combined Fast/Slow Timing                                                                     ; Off                ;      ;    ;             ;
; Ignore Clock Settings                                                                                ; Off                ;      ;    ;             ;
; Analyze latches as synchronous elements                                                              ; On                 ;      ;    ;             ;
; Enable Recovery/Removal analysis                                                                     ; Off                ;      ;    ;             ;
; Enable Clock Latency                                                                                 ; Off                ;      ;    ;             ;
; Use TimeQuest Timing Analyzer                                                                        ; Off                ;      ;    ;             ;
; Minimum Core Junction Temperature                                                                    ; 0                  ;      ;    ;             ;
; Maximum Core Junction Temperature                                                                    ; 85                 ;      ;    ;             ;
; Number of source nodes to report per destination node                                                ; 10                 ;      ;    ;             ;
; Number of destination nodes to report                                                                ; 10                 ;      ;    ;             ;
; Number of paths to report                                                                            ; 200                ;      ;    ;             ;
; Report Minimum Timing Checks                                                                         ; Off                ;      ;    ;             ;
; Use Fast Timing Models                                                                               ; Off                ;      ;    ;             ;
; Report IO Paths Separately                                                                           ; Off                ;      ;    ;             ;
; Perform Multicorner Analysis                                                                         ; Off                ;      ;    ;             ;
; Reports the worst-case path for each clock domain and analysis                                       ; Off                ;      ;    ;             ;
; Reports worst-case timing paths for each clock domain and analysis                                   ; On                 ;      ;    ;             ;
; Specifies the maximum number of worst-case timing paths to report for each clock domain and analysis ; 100                ;      ;    ;             ;
; Removes common clock path pessimism (CCPP) during slack computation                                  ; Off                ;      ;    ;             ;
; Output I/O Timing Endpoint                                                                           ; Near End           ;      ;    ;             ;
+------------------------------------------------------------------------------------------------------+--------------------+------+----+-------------+


+------------------------------------------------------------------------------------------------------------------------------------------------------------------------------------+
; Clock Settings Summary                                                                                                                                                             ;
+-----------------+--------------------+----------+------------------+---------------+--------------+----------+-----------------------+---------------------+--------+--------------+
; Clock Node Name ; Clock Setting Name ; Type     ; Fmax Requirement ; Early Latency ; Late Latency ; Based on ; Multiply Base Fmax by ; Divide Base Fmax by ; Offset ; Phase offset ;
+-----------------+--------------------+----------+------------------+---------------+--------------+----------+-----------------------+---------------------+--------+--------------+
; clk             ;                    ; User Pin ; None             ; 0.000 ns      ; 0.000 ns     ; --       ; N/A                   ; N/A                 ; N/A    ;              ;
+-----------------+--------------------+----------+------------------+---------------+--------------+----------+-----------------------+---------------------+--------+--------------+


+------------------------------------------+
; Parallel Compilation                     ;
+----------------------------+-------------+
; Processors                 ; Number      ;
+----------------------------+-------------+
; Number detected on machine ; 4           ;
; Maximum allowed            ; 4           ;
;                            ;             ;
; Average used               ; 1.00        ;
; Maximum used               ; 1           ;
;                            ;             ;
; Usage by Processor         ; % Time Used ;
;     1 processor            ; 100.0%      ;
;     2-4 processors         ;   0.0%      ;
+----------------------------+-------------+


+------------------------------------------------------------------------------------------------------------------------------------------------------------------------------------------------------------------------------------------------------------------+
; Clock Setup: 'clk'                                                                                                                                                                                                                                               ;
+-------+----------------------------------+-----------------------------------------------------+-----------------------------------------------------+------------+----------+-----------------------------+---------------------------+-------------------------+
; Slack ; Actual fmax (period)             ; From                                                ; To                                                  ; From Clock ; To Clock ; Required Setup Relationship ; Required Longest P2P Time ; Actual Longest P2P Time ;
+-------+----------------------------------+-----------------------------------------------------+-----------------------------------------------------+------------+----------+-----------------------------+---------------------------+-------------------------+
; N/A   ; 142.86 MHz ( period = 7.000 ns ) ; BrunelIDNumberGenerator:brunel_gen|counter[0]       ; BrunelIDNumberGenerator:brunel_gen|counter[0]       ; clk        ; clk      ; None                        ; None                      ; 4.400 ns                ;
; N/A   ; 142.86 MHz ( period = 7.000 ns ) ; BrunelIDNumberGenerator:brunel_gen|counter[0]       ; BrunelIDNumberGenerator:brunel_gen|counter[1]       ; clk        ; clk      ; None                        ; None                      ; 4.400 ns                ;
; N/A   ; 142.86 MHz ( period = 7.000 ns ) ; BrunelIDNumberGenerator:brunel_gen|counter[1]       ; BrunelIDNumberGenerator:brunel_gen|counter[1]       ; clk        ; clk      ; None                        ; None                      ; 4.400 ns                ;
; N/A   ; 142.86 MHz ( period = 7.000 ns ) ; BrunelIDNumberGenerator:brunel_gen|counter[0]       ; BrunelIDNumberGenerator:brunel_gen|pulseInterval[0] ; clk        ; clk      ; None                        ; None                      ; 4.400 ns                ;
; N/A   ; 142.86 MHz ( period = 7.000 ns ) ; BrunelIDNumberGenerator:brunel_gen|pulseInterval[0] ; BrunelIDNumberGenerator:brunel_gen|pulseInterval[0] ; clk        ; clk      ; None                        ; None                      ; 4.400 ns                ;
; N/A   ; 142.86 MHz ( period = 7.000 ns ) ; BrunelIDNumberGenerator:brunel_gen|counter[0]       ; BrunelIDNumberGenerator:brunel_gen|counter[2]       ; clk        ; clk      ; None                        ; None                      ; 4.400 ns                ;
; N/A   ; 142.86 MHz ( period = 7.000 ns ) ; BrunelIDNumberGenerator:brunel_gen|counter[1]       ; BrunelIDNumberGenerator:brunel_gen|counter[2]       ; clk        ; clk      ; None                        ; None                      ; 4.400 ns                ;
; N/A   ; 142.86 MHz ( period = 7.000 ns ) ; BrunelIDNumberGenerator:brunel_gen|counter[2]       ; BrunelIDNumberGenerator:brunel_gen|counter[2]       ; clk        ; clk      ; None                        ; None                      ; 4.400 ns                ;
; N/A   ; 142.86 MHz ( period = 7.000 ns ) ; BrunelIDNumberGenerator:brunel_gen|counter[1]       ; BrunelIDNumberGenerator:brunel_gen|pulseInterval[1] ; clk        ; clk      ; None                        ; None                      ; 4.400 ns                ;
; N/A   ; 142.86 MHz ( period = 7.000 ns ) ; BrunelIDNumberGenerator:brunel_gen|pulseInterval[1] ; BrunelIDNumberGenerator:brunel_gen|pulseInterval[1] ; clk        ; clk      ; None                        ; None                      ; 4.400 ns                ;
; N/A   ; 142.86 MHz ( period = 7.000 ns ) ; BrunelIDNumberGenerator:brunel_gen|pulseInterval[0] ; BrunelIDNumberGenerator:brunel_gen|currentDigit[1]  ; clk        ; clk      ; None                        ; None                      ; 4.400 ns                ;
; N/A   ; 142.86 MHz ( period = 7.000 ns ) ; BrunelIDNumberGenerator:brunel_gen|pulseInterval[1] ; BrunelIDNumberGenerator:brunel_gen|currentDigit[1]  ; clk        ; clk      ; None                        ; None                      ; 4.400 ns                ;
; N/A   ; 142.86 MHz ( period = 7.000 ns ) ; BrunelIDNumberGenerator:brunel_gen|counter[2]       ; BrunelIDNumberGenerator:brunel_gen|pulseInterval[2] ; clk        ; clk      ; None                        ; None                      ; 4.400 ns                ;
; N/A   ; 142.86 MHz ( period = 7.000 ns ) ; BrunelIDNumberGenerator:brunel_gen|pulseInterval[2] ; BrunelIDNumberGenerator:brunel_gen|pulseInterval[2] ; clk        ; clk      ; None                        ; None                      ; 4.400 ns                ;
; N/A   ; 142.86 MHz ( period = 7.000 ns ) ; BrunelIDNumberGenerator:brunel_gen|pulseInterval[0] ; BrunelIDNumberGenerator:brunel_gen|currentDigit[2]  ; clk        ; clk      ; None                        ; None                      ; 4.400 ns                ;
; N/A   ; 142.86 MHz ( period = 7.000 ns ) ; BrunelIDNumberGenerator:brunel_gen|pulseInterval[1] ; BrunelIDNumberGenerator:brunel_gen|currentDigit[2]  ; clk        ; clk      ; None                        ; None                      ; 4.400 ns                ;
; N/A   ; 142.86 MHz ( period = 7.000 ns ) ; BrunelIDNumberGenerator:brunel_gen|pulseInterval[2] ; BrunelIDNumberGenerator:brunel_gen|currentDigit[2]  ; clk        ; clk      ; None                        ; None                      ; 4.400 ns                ;
; N/A   ; 142.86 MHz ( period = 7.000 ns ) ; BrunelIDNumberGenerator:brunel_gen|currentDigit[1]  ; BrunelIDNumberGenerator:brunel_gen|digit[1]         ; clk        ; clk      ; None                        ; None                      ; 4.400 ns                ;
; N/A   ; 142.86 MHz ( period = 7.000 ns ) ; BrunelIDNumberGenerator:brunel_gen|digit[1]         ; BrunelIDNumberGenerator:brunel_gen|digit[1]         ; clk        ; clk      ; None                        ; None                      ; 4.400 ns                ;
; N/A   ; 142.86 MHz ( period = 7.000 ns ) ; BrunelIDNumberGenerator:brunel_gen|pulseInterval[0] ; BrunelIDNumberGenerator:brunel_gen|currentDigit[0]  ; clk        ; clk      ; None                        ; None                      ; 4.400 ns                ;
; N/A   ; 142.86 MHz ( period = 7.000 ns ) ; BrunelIDNumberGenerator:brunel_gen|pulseInterval[1] ; BrunelIDNumberGenerator:brunel_gen|currentDigit[0]  ; clk        ; clk      ; None                        ; None                      ; 4.400 ns                ;
; N/A   ; 142.86 MHz ( period = 7.000 ns ) ; BrunelIDNumberGenerator:brunel_gen|pulseInterval[2] ; BrunelIDNumberGenerator:brunel_gen|currentDigit[0]  ; clk        ; clk      ; None                        ; None                      ; 4.400 ns                ;
; N/A   ; 142.86 MHz ( period = 7.000 ns ) ; BrunelIDNumberGenerator:brunel_gen|currentDigit[2]  ; BrunelIDNumberGenerator:brunel_gen|digit[2]         ; clk        ; clk      ; None                        ; None                      ; 4.400 ns                ;
; N/A   ; 142.86 MHz ( period = 7.000 ns ) ; BrunelIDNumberGenerator:brunel_gen|digit[2]         ; BrunelIDNumberGenerator:brunel_gen|digit[2]         ; clk        ; clk      ; None                        ; None                      ; 4.400 ns                ;
; N/A   ; 142.86 MHz ( period = 7.000 ns ) ; BrunelIDNumberGenerator:brunel_gen|currentDigit[0]  ; BrunelIDNumberGenerator:brunel_gen|digit[0]         ; clk        ; clk      ; None                        ; None                      ; 4.400 ns                ;
; N/A   ; 142.86 MHz ( period = 7.000 ns ) ; BrunelIDNumberGenerator:brunel_gen|digit[0]         ; BrunelIDNumberGenerator:brunel_gen|digit[0]         ; clk        ; clk      ; None                        ; None                      ; 4.400 ns                ;
+-------+----------------------------------+-----------------------------------------------------+-----------------------------------------------------+------------+----------+-----------------------------+---------------------------+-------------------------+


+-------------------------------------------------------------------------------------------------------------+
; tsu                                                                                                         ;
+-------+--------------+------------+--------+-----------------------------------------------------+----------+
; Slack ; Required tsu ; Actual tsu ; From   ; To                                                  ; To Clock ;
+-------+--------------+------------+--------+-----------------------------------------------------+----------+
; N/A   ; None         ; 4.000 ns   ; reset  ; BrunelIDNumberGenerator:brunel_gen|pulseInterval[0] ; clk      ;
; N/A   ; None         ; 4.000 ns   ; reset  ; BrunelIDNumberGenerator:brunel_gen|pulseInterval[1] ; clk      ;
; N/A   ; None         ; 4.000 ns   ; reset  ; BrunelIDNumberGenerator:brunel_gen|pulseInterval[2] ; clk      ;
; N/A   ; None         ; 4.000 ns   ; reset  ; BrunelIDNumberGenerator:brunel_gen|digit[1]         ; clk      ;
; N/A   ; None         ; 4.000 ns   ; reset  ; BrunelIDNumberGenerator:brunel_gen|digit[2]         ; clk      ;
; N/A   ; None         ; 4.000 ns   ; reset  ; BrunelIDNumberGenerator:brunel_gen|digit[0]         ; clk      ;
; N/A   ; None         ; 4.000 ns   ; enable ; BrunelIDNumberGenerator:brunel_gen|counter[0]       ; clk      ;
; N/A   ; None         ; 4.000 ns   ; enable ; BrunelIDNumberGenerator:brunel_gen|counter[1]       ; clk      ;
; N/A   ; None         ; 4.000 ns   ; enable ; BrunelIDNumberGenerator:brunel_gen|pulseInterval[0] ; clk      ;
; N/A   ; None         ; 4.000 ns   ; enable ; BrunelIDNumberGenerator:brunel_gen|counter[2]       ; clk      ;
; N/A   ; None         ; 4.000 ns   ; enable ; BrunelIDNumberGenerator:brunel_gen|pulseInterval[1] ; clk      ;
; N/A   ; None         ; 4.000 ns   ; enable ; BrunelIDNumberGenerator:brunel_gen|pulseInterval[2] ; clk      ;
; N/A   ; None         ; 4.000 ns   ; enable ; BrunelIDNumberGenerator:brunel_gen|digit[1]         ; clk      ;
; N/A   ; None         ; 4.000 ns   ; enable ; BrunelIDNumberGenerator:brunel_gen|digit[2]         ; clk      ;
; N/A   ; None         ; 4.000 ns   ; enable ; BrunelIDNumberGenerator:brunel_gen|digit[0]         ; clk      ;
+-------+--------------+------------+--------+-----------------------------------------------------+----------+


+---------------------------------------------------------------------------------------------------------+
; tco                                                                                                     ;
+-------+--------------+------------+---------------------------------------------+----------+------------+
; Slack ; Required tco ; Actual tco ; From                                        ; To       ; From Clock ;
+-------+--------------+------------+---------------------------------------------+----------+------------+
; N/A   ; None         ; 9.000 ns   ; BrunelIDNumberGenerator:brunel_gen|digit[0] ; bcd[0]   ; clk        ;
; N/A   ; None         ; 9.000 ns   ; BrunelIDNumberGenerator:brunel_gen|digit[2] ; bcd[2]   ; clk        ;
; N/A   ; None         ; 9.000 ns   ; BrunelIDNumberGenerator:brunel_gen|digit[1] ; bcd[1]   ; clk        ;
; N/A   ; None         ; 3.500 ns   ; BrunelIDNumberGenerator:brunel_gen|digit[0] ; digit[0] ; clk        ;
; N/A   ; None         ; 3.500 ns   ; BrunelIDNumberGenerator:brunel_gen|digit[2] ; digit[2] ; clk        ;
; N/A   ; None         ; 3.500 ns   ; BrunelIDNumberGenerator:brunel_gen|digit[1] ; digit[1] ; clk        ;
+-------+--------------+------------+---------------------------------------------+----------+------------+


+-------------------------------------------------------------------------------------------------------------------+
; th                                                                                                                ;
+---------------+-------------+-----------+--------+-----------------------------------------------------+----------+
; Minimum Slack ; Required th ; Actual th ; From   ; To                                                  ; To Clock ;
+---------------+-------------+-----------+--------+-----------------------------------------------------+----------+
; N/A           ; None        ; -1.000 ns ; reset  ; BrunelIDNumberGenerator:brunel_gen|pulseInterval[0] ; clk      ;
; N/A           ; None        ; -1.000 ns ; reset  ; BrunelIDNumberGenerator:brunel_gen|pulseInterval[1] ; clk      ;
; N/A           ; None        ; -1.000 ns ; reset  ; BrunelIDNumberGenerator:brunel_gen|pulseInterval[2] ; clk      ;
; N/A           ; None        ; -1.000 ns ; reset  ; BrunelIDNumberGenerator:brunel_gen|digit[1]         ; clk      ;
; N/A           ; None        ; -1.000 ns ; reset  ; BrunelIDNumberGenerator:brunel_gen|digit[2]         ; clk      ;
; N/A           ; None        ; -1.000 ns ; reset  ; BrunelIDNumberGenerator:brunel_gen|digit[0]         ; clk      ;
; N/A           ; None        ; -1.000 ns ; enable ; BrunelIDNumberGenerator:brunel_gen|counter[0]       ; clk      ;
; N/A           ; None        ; -1.000 ns ; enable ; BrunelIDNumberGenerator:brunel_gen|counter[1]       ; clk      ;
; N/A           ; None        ; -1.000 ns ; enable ; BrunelIDNumberGenerator:brunel_gen|pulseInterval[0] ; clk      ;
; N/A           ; None        ; -1.000 ns ; enable ; BrunelIDNumberGenerator:brunel_gen|counter[2]       ; clk      ;
; N/A           ; None        ; -1.000 ns ; enable ; BrunelIDNumberGenerator:brunel_gen|pulseInterval[1] ; clk      ;
; N/A           ; None        ; -1.000 ns ; enable ; BrunelIDNumberGenerator:brunel_gen|pulseInterval[2] ; clk      ;
; N/A           ; None        ; -1.000 ns ; enable ; BrunelIDNumberGenerator:brunel_gen|digit[1]         ; clk      ;
; N/A           ; None        ; -1.000 ns ; enable ; BrunelIDNumberGenerator:brunel_gen|digit[2]         ; clk      ;
; N/A           ; None        ; -1.000 ns ; enable ; BrunelIDNumberGenerator:brunel_gen|digit[0]         ; clk      ;
+---------------+-------------+-----------+--------+-----------------------------------------------------+----------+


+--------------------------+
; Timing Analyzer Messages ;
+--------------------------+
Info: *******************************************************************
Info: Running Quartus II 64-Bit Classic Timing Analyzer
    Info: Version 9.1 Build 350 03/24/2010 Service Pack 2 SJ Full Version
    Info: Processing started: Sat Jan 06 01:44:04 2024
Info: Command: quartus_tan --read_settings_files=off --write_settings_files=off X -c X
Info: Parallel compilation is enabled and will use 4 of the 4 processors detected
Info: Started post-fitting delay annotation
Info: Delay annotation completed successfully
Warning: Timing Analysis does not support the analysis of latches as synchronous elements for the currently selected device family
Warning: Found pins functioning as undefined clocks and/or memory enables
    Info: Assuming node "clk" is an undefined clock
Info: Clock "clk" has Internal fmax of 142.86 MHz between source register "BrunelIDNumberGenerator:brunel_gen|counter[0]" and destination register "BrunelIDNumberGenerator:brunel_gen|counter[0]" (period= 7.0 ns)
    Info: + Longest register to register delay is 4.400 ns
        Info: 1: + IC(0.000 ns) + CELL(0.000 ns) = 0.000 ns; Loc. = LC12; Fanout = 4; REG Node = 'BrunelIDNumberGenerator:brunel_gen|counter[0]'
        Info: 2: + IC(0.000 ns) + CELL(4.400 ns) = 4.400 ns; Loc. = LC12; Fanout = 4; REG Node = 'BrunelIDNumberGenerator:brunel_gen|counter[0]'
        Info: Total cell delay = 4.400 ns ( 100.00 % )
    Info: - Smallest clock skew is 0.000 ns
        Info: + Shortest clock path from clock "clk" to destination register is 1.600 ns
            Info: 1: + IC(0.000 ns) + CELL(1.300 ns) = 1.300 ns; Loc. = PIN_43; Fanout = 12; CLK Node = 'clk'
            Info: 2: + IC(0.000 ns) + CELL(0.300 ns) = 1.600 ns; Loc. = LC12; Fanout = 4; REG Node = 'BrunelIDNumberGenerator:brunel_gen|counter[0]'
            Info: Total cell delay = 1.600 ns ( 100.00 % )
        Info: - Longest clock path from clock "clk" to source register is 1.600 ns
            Info: 1: + IC(0.000 ns) + CELL(1.300 ns) = 1.300 ns; Loc. = PIN_43; Fanout = 12; CLK Node = 'clk'
            Info: 2: + IC(0.000 ns) + CELL(0.300 ns) = 1.600 ns; Loc. = LC12; Fanout = 4; REG Node = 'BrunelIDNumberGenerator:brunel_gen|counter[0]'
            Info: Total cell delay = 1.600 ns ( 100.00 % )
    Info: + Micro clock to output delay of source is 1.600 ns
    Info: + Micro setup delay of destination is 1.000 ns
Info: tsu for register "BrunelIDNumberGenerator:brunel_gen|pulseInterval[0]" (data pin = "reset", clock pin = "clk") is 4.000 ns
    Info: + Longest pin to register delay is 4.600 ns
        Info: 1: + IC(0.000 ns) + CELL(0.200 ns) = 0.200 ns; Loc. = PIN_21; Fanout = 15; PIN Node = 'reset'
        Info: 2: + IC(1.100 ns) + CELL(3.300 ns) = 4.600 ns; Loc. = LC9; Fanout = 6; REG Node = 'BrunelIDNumberGenerator:brunel_gen|pulseInterval[0]'
        Info: Total cell delay = 3.500 ns ( 76.09 % )
        Info: Total interconnect delay = 1.100 ns ( 23.91 % )
    Info: + Micro setup delay of destination is 1.000 ns
    Info: - Shortest clock path from clock "clk" to destination register is 1.600 ns
        Info: 1: + IC(0.000 ns) + CELL(1.300 ns) = 1.300 ns; Loc. = PIN_43; Fanout = 12; CLK Node = 'clk'
        Info: 2: + IC(0.000 ns) + CELL(0.300 ns) = 1.600 ns; Loc. = LC9; Fanout = 6; REG Node = 'BrunelIDNumberGenerator:brunel_gen|pulseInterval[0]'
        Info: Total cell delay = 1.600 ns ( 100.00 % )
Info: tco from clock "clk" to destination pin "bcd[0]" through register "BrunelIDNumberGenerator:brunel_gen|digit[0]" is 9.000 ns
    Info: + Longest clock path from clock "clk" to source register is 1.600 ns
        Info: 1: + IC(0.000 ns) + CELL(1.300 ns) = 1.300 ns; Loc. = PIN_43; Fanout = 12; CLK Node = 'clk'
        Info: 2: + IC(0.000 ns) + CELL(0.300 ns) = 1.600 ns; Loc. = LC6; Fanout = 3; REG Node = 'BrunelIDNumberGenerator:brunel_gen|digit[0]'
        Info: Total cell delay = 1.600 ns ( 100.00 % )
    Info: + Micro clock to output delay of source is 1.600 ns
    Info: + Longest register to pin delay is 5.800 ns
        Info: 1: + IC(0.000 ns) + CELL(0.000 ns) = 0.000 ns; Loc. = LC6; Fanout = 3; REG Node = 'BrunelIDNumberGenerator:brunel_gen|digit[0]'
        Info: 2: + IC(1.100 ns) + CELL(4.400 ns) = 5.500 ns; Loc. = LC8; Fanout = 1; COMB Node = 'BrunelIDNumberGenerator:brunel_gen|digit[0]~28'
        Info: 3: + IC(0.000 ns) + CELL(0.300 ns) = 5.800 ns; Loc. = PIN_12; Fanout = 0; PIN Node = 'bcd[0]'
        Info: Total cell delay = 4.700 ns ( 81.03 % )
        Info: Total interconnect delay = 1.100 ns ( 18.97 % )
Info: th for register "BrunelIDNumberGenerator:brunel_gen|pulseInterval[0]" (data pin = "reset", clock pin = "clk") is -1.000 ns
    Info: + Longest clock path from clock "clk" to destination register is 1.600 ns
        Info: 1: + IC(0.000 ns) + CELL(1.300 ns) = 1.300 ns; Loc. = PIN_43; Fanout = 12; CLK Node = 'clk'
        Info: 2: + IC(0.000 ns) + CELL(0.300 ns) = 1.600 ns; Loc. = LC9; Fanout = 6; REG Node = 'BrunelIDNumberGenerator:brunel_gen|pulseInterval[0]'
        Info: Total cell delay = 1.600 ns ( 100.00 % )
    Info: + Micro hold delay of destination is 2.000 ns
    Info: - Shortest pin to register delay is 4.600 ns
        Info: 1: + IC(0.000 ns) + CELL(0.200 ns) = 0.200 ns; Loc. = PIN_21; Fanout = 15; PIN Node = 'reset'
        Info: 2: + IC(1.100 ns) + CELL(3.300 ns) = 4.600 ns; Loc. = LC9; Fanout = 6; REG Node = 'BrunelIDNumberGenerator:brunel_gen|pulseInterval[0]'
        Info: Total cell delay = 3.500 ns ( 76.09 % )
        Info: Total interconnect delay = 1.100 ns ( 23.91 % )
Info: Quartus II 64-Bit Classic Timing Analyzer was successful. 0 errors, 2 warnings
    Info: Peak virtual memory: 4344 megabytes
    Info: Processing ended: Sat Jan 06 01:44:05 2024
    Info: Elapsed time: 00:00:01
    Info: Total CPU time (on all processors): 00:00:00


